// Bun Snapshot v1, https://bun.sh/docs/test/snapshots

exports[`Component Registry AgentBase snapshot matches expected output: AgentBase 1`] = `
"- Use **Australian English** spelling in all outputs.
- Follow \`CLAUDE.md\` and \`.claude/rules/\` conventions.
- Read \`.software-teams/config/state.yaml\` once at task start for context. Do NOT update state.yaml for status transitions — the framework handles this. Only use state.yaml to record decisions, deviations, or blockers via \`@ST:StateUpdate\`.
- Use the Read tool before editing any file.
- Batch file reads: issue all Read calls in a single turn rather than sequentially.
- Batch git operations: combine related commands into a single Bash call where possible.

You have a finite per-invocation budget (tokens, tool calls, wall time). Long runs can be terminated mid-task before you produce your final report. To survive:

1. **Batch reads in parallel** — one turn with all Read calls, not sequential.
2. **Cap exploration** — read only the files your spawn prompt names. If more are needed, report what you need and stop rather than wandering.
3. **Write fixes before verifying** — Edit calls persist even if you are later truncated. Save the report for last.
4. **Short reports (<400 words)** — terse file list + one sentence per change. Long formal reports are where truncation bites.
5. **One concern per invocation** — address what was asked, do not expand scope.
6. **Don't re-read files you just edited** — the harness tracks state.

If your work exceeds one invocation, complete what you can, return a progress report naming exactly what remains, and let the orchestrator re-spawn you.

\`@ST:\` tags in your spec are pre-resolved at sync time — the body
content is inlined into your agent spec before you read it. Treat any text
inside the spec as if it were part of the agent definition itself.

If a tag survives unresolved (it should not, but as a fallback):
1. Run \`software-teams component get <Name>\` for the whole component, or
   \`software-teams component get <Name> <Section>\` for a specific section.
2. Use the returned body in place of the tag.

If your spec has a \`requires_components\` frontmatter field, batch-fetch
the listed components via the same CLI before starting execution.

Do NOT skip component tags — they contain essential instructions.

On activation, announce and begin immediately:
\`\`\`
You are now active as {agent-name}. {Action verb} as requested.
\`\`\`

Return a YAML block with \`status\`, agent-specific fields, and \`next_action\` after all work is complete.

- **Will Do**: Actions within agent responsibility. Prioritise these.
- **Will Not**: Actions outside scope. Delegate or escalate, never attempt.

## File Operations

You are spawned with \`mode: "acceptEdits"\` and a scoped \`allowedTools\` allowlist (declared in \`.claude/settings.json\` and mirrored in \`src/utils/claude.ts\`). The allowlist covers Read/Write/Edit/MultiEdit/Glob/Grep/Task plus scoped \`Bash(bun:*)\`, \`Bash(git:*)\`, \`Bash(gh:*)\`, \`Bash(npm:*)\`, \`Bash(npx:*)\`, \`Bash(mkdir:*)\`, \`Bash(rm:*)\`, \`Bash(software-teams:*)\`. All standard tools work within that scope:

| Operation | Tool / Method | Notes |
|-----------|--------------|-------|
| Edit existing files | Edit tool | Primary way to modify code |
| Create new files | Write tool | Works — create files directly |
| Delete files | Bash \`rm\` | Destructive — use with care |
| Read files | Read tool | Works reliably |
| Run commands | Bash tool | Output is real; side-effects vary |

**Key Rules:**
1. **Use the Edit tool** to modify existing files (read first).
2. **Use the Write tool** to create new files directly — do NOT defer to the orchestrator.
3. **Do NOT run \`git commit\`** — the orchestrator handles commits after all tasks complete. Report commits needed in \`commits_pending\`.

### Structured Returns

\`\`\`yaml
files_modified:
  - path/to/edited/file1.ts
files_created:
  - path/to/new/file.md
commits_pending:
  - message: |
      feat(01-01-T1): implement feature X
    files:
      - path/to/modified/file1.ts
      - path/to/new/file.md
\`\`\`

### Orchestrator Post-Agent Handling

After an agent completes, the orchestrator:
1. Executes commits from \`commits_pending\` via \`git add\` + \`git commit\`
2. Records real commit hashes in \`.software-teams/config/state.yaml\`

## Communication (Team Mode)

When operating within an Agent Team (spawned by coordinator):

1. **Claim tasks**: Call TaskList, find tasks assigned to you
2. **Execute**: Read task description, implement using Edit tool
3. **Report**: SendMessage to coordinator with structured return (include \`files_modified\`, \`files_created\`, \`commits_pending\`)
4. **Complete**: TaskUpdate(status: "completed") AFTER sending results
5. **Next**: Check TaskList for more assigned tasks. If none, go idle.

**Team Mode Rules:**
- NEVER write to state.yaml (coordinator handles this)
- ALWAYS SendMessage results to coordinator before TaskUpdate(completed)
- Use **SendMessage** to communicate — plain text is not visible to teammates."
`;

exports[`Component Registry Verify snapshot matches expected output: Verify 1`] = `
"When invoked as \`@ST:Verify\`:

1. **Determine scope** — Check current position from state.yaml, default to task-level
2. **Load verification criteria** — task: plan.md verification section; plan: plan.md success_criteria; phase: roadmap.yaml must_haves
3. **Execute verification** — Run each check, record pass/fail
4. **Report results** — Output summary, update state

## Task Verification (\`scope="task"\`)

1. **Load task verification criteria** from plan.md \`**Verification:**\` checklist
2. **Execute each check**: file existence, code patterns, test gates (see TestRunner), manual inspection
3. **Load done criteria** from \`**Done when:**\`
4. **Report result**:
   \`\`\`markdown
   ## Task Verification: Task {N}
   **Status:** PASS | FAIL

   ### Verification Checks
   - [x] {check 1} - PASS
   - [ ] {check 2} - FAIL: {reason}

   ### Done Criteria
   - [x] {criterion} - Met

   ### Issues
   - {issue description if any}
   \`\`\`

## Plan Verification (\`scope="plan"\`)

1. **Verify all tasks complete** — check status and commits
2. **Load plan success criteria** from \`<success_criteria>\` block
3. **Execute plan-level checks** — test suite, lint/type errors, integration points
4. **Generate summary.md preview** — draft with deviations
5. **Report result**:
   \`\`\`markdown
   ## Plan Verification: {phase}-{plan}
   **Status:** PASS | FAIL

   ### Task Completion
   - [x] Task 1: {name} - {commit}

   ### Success Criteria
   - [x] {criterion 1} - Met
   - [ ] {criterion 2} - NOT MET: {reason}

   ### Tests
   - Suite: {test suite} | Result: {pass/fail} | Coverage: {percentage}

   ### Ready for summary.md: YES | NO
   \`\`\`

For \`scope="phase"\` or \`scope="requirements"\`, load \`@ST:VerifyAdvanced\`.

## Test Execution (\`include_tests="true"\`)

1. **Detect changed files**
   \`\`\`bash
   # Task-level
   git diff --cached --name-only
   git diff --name-only
   # Plan-level
   git diff master --name-only
   \`\`\`

2. **Backend test gate (MANDATORY if ANY \`*.php\` files changed)**
   \`\`\`bash
   composer test
   \`\`\`
   If fails: verification FAILS. Do not proceed. Fix tests first.

3. **Frontend tests (if \`*.ts\`, \`*.tsx\`, \`*.js\`, \`*.jsx\` changed)**
   \`\`\`bash
   bun run test:vitest
   \`\`\`

4. **Parse results** — total, passed, failed, skipped, coverage

5. **Report**: For each stack (Backend/Frontend), include: ran (yes/no), command, result, counts, and any failed test details.

After verification, set \`position.status\` to \`verified\` or \`verification_failed\`. If gaps found, add to \`blockers\` array with \`type: verification_gap\`.

Gap severity: Critical (goal blocked → closure plan), High (requirement unmet → targeted fix), Medium (partially met → note), Low (enhancement → document)."
`;

exports[`Component Registry AgentRouter snapshot matches expected output: AgentRouter 1`] = `
"The planner MUST perform discovery before task breakdown. Software Teams specialists are
authored under \`agents/\` and converted into Claude Code's native
subagent registry by \`software-teams sync-agents\` (see \`src/utils/convert-agents.ts\`),
which writes Claude-compatible specs to \`.claude/agents/\`. Once that has run,
both Software Teams specialists and user-added Claude Code subagents are spawned natively
by name; the legacy identity-injection pattern is documented as a fallback only
(see §4).

Merge these roots in order (earlier roots override later ones on name
collision):

1. \`.software-teams/framework/agents/software-teams-*.md\` — Software Teams specialists installed in the project
   (primary source for any project using Software Teams). When working on the Software Teams repo
   itself, fall back to \`agents/software-teams-*.md\` in the repo root.
2. \`.claude/agents/*.md\` — project-local Claude Code subagents (user-added
   specialists, takes precedence over user-global)
3. \`~/.claude/agents/*.md\` — user-global Claude Code subagents

For each \`.md\` file, read the YAML frontmatter and extract:

- \`name\` — identity used in the spawn prompt (Software Teams agents) or as the
  \`subagent_type\` value (Claude Code registered subagents)
- \`description\` — the one-line capability blurb used for routing decisions
- \`model\` (optional) — preferred model if specified
- \`tools\` (optional) — tool allowlist if the agent is tool-restricted

Record each entry with a \`source:\` field so \`implement-plan\` knows how to spawn
it: \`software-teams\` for Software Teams framework specialists, \`claude-code\` for registered
subagents. Agents whose frontmatter is unreadable or missing \`name\` are skipped.

Discovery commands (reference — the planner uses \`Glob\` + \`Read\`):

\`\`\`bash
ls .software-teams/framework/agents/software-teams-*.md 2>/dev/null || ls agents/software-teams-*.md 2>/dev/null
ls .claude/agents/ 2>/dev/null
ls ~/.claude/agents/ 2>/dev/null
\`\`\`

The resulting catalogue MUST be written into the plan index frontmatter as
\`available_agents:\` (see \`templates/plan.md\`) so reviewers and the
implement-plan pass can see exactly which agents were visible at plan time.

\`\`\`yaml
available_agents:
  - name: software-teams-backend
    source: software-teams
    description: PHP/Laravel backend specialist — APIs, migrations, contracts
  - name: software-teams-frontend
    source: software-teams
    description: TS/React frontend specialist — components, types, client code
  - name: software-teams-qa-tester
    source: software-teams
    description: Post-task verification, a11y, contract checks
  - name: unity-specialist
    source: claude-code
    description: Unity API patterns and optimisation (user-added)
\`\`\`

If discovery returns zero agents (no Software Teams install and no \`.claude/agents/\`),
the planner records \`available_agents: []\` and falls back to the domain default (\`software-teams-backend\` / \`software-teams-frontend\` / \`general-purpose\`) so
the empty state is explicit rather than silent.

For each task in the plan, the planner selects ONE primary agent using this
signal hierarchy (highest to lowest):

| Priority | Signal | Example |
|----------|--------|---------|
| 1 | Explicit user instruction | "use the unity-specialist for this task" |
| 2 | Files touched by the task | \`Assets/Scripts/UI/**\` → \`unity-ui-specialist\` |
| 3 | Task type + tech_stack | Unity C# gameplay → \`gameplay-programmer\` or \`unity-specialist\` |
| 4 | Task objective keywords | "shader", "VFX", "render pipeline" → \`unity-shader-specialist\` |
| 5 | Checkpoint type | \`checkpoint:human-verify\` → \`qa-tester\` |
| 6 | Domain default | Backend code → \`software-teams-backend\`, frontend code → \`software-teams-frontend\`, C#/Unity → \`unity-specialist\` |
| 7 | Fallback | \`general-purpose\` (only if no specialists exist) |

### Unity routing cheat sheet (common case for game projects)

| Signal | Preferred agent |
|--------|-----------------|
| \`Assets/Scripts/**/UI/**\` or TMPro/UGUI/UI Toolkit references | \`unity-ui-specialist\` |
| \`Assets/Scripts/**/DOTS/**\` or Jobs/Burst/ECS references | \`unity-dots-specialist\` |
| Shader Graph, HLSL, VFX Graph, render pipeline | \`unity-shader-specialist\` |
| Addressables, asset bundles, memory budgets | \`unity-addressables-specialist\` |
| Gameplay mechanics, combat, movement, abilities | \`gameplay-programmer\` |
| AI, behaviour trees, pathfinding, perception | \`ai-programmer\` |
| Core engine/framework, performance-critical systems | \`engine-programmer\` or \`performance-analyst\` |
| General Unity API guidance, bootstrapping, subsystem integration | \`unity-specialist\` |
| Tests, QA checklists, regression scripts | \`qa-tester\` |
| Any task that edits code — no better specialist available | \`gameplay-programmer\` (games) or \`general-purpose\` (non-game) |

### Unreal routing cheat sheet

| Signal | Preferred agent |
|--------|-----------------|
| Blueprints and Blueprint architecture | \`ue-blueprint-specialist\` |
| UMG / CommonUI widgets | \`ue-umg-specialist\` |
| Gameplay Ability System, abilities, attribute sets | \`ue-gas-specialist\` |
| Replication, RPCs, prediction | \`ue-replication-specialist\` |
| General UE API and subsystem guidance | \`unreal-specialist\` |

### Godot routing cheat sheet

| Signal | Preferred agent |
|--------|-----------------|
| GDScript code, typed signals, node architecture | \`godot-gdscript-specialist\` |
| GDExtension / C++ / Rust bindings | \`godot-gdextension-specialist\` |
| Godot shading language, visual shaders, particles | \`godot-shader-specialist\` |
| General Godot API and node/scene guidance | \`godot-specialist\` |

### Non-game defaults

| Signal | Preferred agent |
|--------|-----------------|
| Backend code (server-side logic, APIs, data layer) | \`software-teams-backend\` |
| Frontend code (UI components, client-side logic, styling) | \`software-teams-frontend\` |
| Full-stack (changes span both backend and frontend) | \`software-teams-backend\` + \`software-teams-frontend\` |
| Orchestration / sprint / risk / scope | \`software-teams-producer\` |
| Performance profiling / budgets / regression | \`software-teams-perf-analyst\` |
| Security review / vuln audit / secrets / privacy | \`software-teams-security\` |
| Test case writing / regression checklist / post-task verify | \`software-teams-qa-tester\` |

#### Domain Detection Heuristics

When task files don't clearly indicate domain, use these patterns:

- **Backend signals**: \`server/\`, \`api/\`, \`app/\`, \`src/server/\`, \`controllers/\`, \`models/\`, \`migrations/\`, \`routes/\`, \`handlers/\`, \`services/\`, \`repositories/\`, \`cmd/\`, \`internal/\`, \`pkg/\`
- **Frontend signals**: \`components/\`, \`views/\`, \`pages/\`, \`hooks/\`, \`stores/\`, \`styles/\`, \`public/\`, \`src/client/\`, \`src/app/\` (when alongside components), \`templates/\` (UI), \`layouts/\`
- **DevOps signals**: \`docker/\`, \`.github/\`, \`ci/\`, \`deploy/\`, \`infra/\`, \`terraform/\`, \`helm/\`, \`k8s/\`, \`Dockerfile\`, \`docker-compose*\`, \`nginx/\`, \`scripts/\`
- **Ambiguous**: \`src/\`, \`lib/\`, \`utils/\`, \`helpers/\`, \`shared/\` — check file extensions and imports to determine domain

### Software Teams meta-framework routing

Use these pins when the work being done is on the Software Teams framework itself
(editing files under \`framework/\`, writing plans about Software Teams, etc.).

| Signal | Preferred agent |
|--------|-----------------|
| Framework design | \`software-teams-architect\` |
| Framework edits | \`software-teams-programmer\` |
| Framework tests | \`software-teams-quality\` |
| Plan creation | \`software-teams-planner\` |
| Sprint / risk / scope | \`software-teams-producer\` |
| Perf profiling | \`software-teams-perf-analyst\` |
| Security audit | \`software-teams-security\` |
| Post-task verify | \`software-teams-qa-tester\` |

> **Note:** \`software-teams-qa-tester\` is automatically invoked by \`implement-plan\` after
> every code-touching task — it does not need to be explicitly pinned per task.

### Plan index (\`{phase}-{plan}-{slug}.plan.md\`) frontmatter

\`\`\`yaml
available_agents:
  - name: unity-specialist
    description: ...
  - name: gameplay-programmer
    description: ...

# Primary agent for single-agent mode (first task's agent, or most common)
primary_agent: unity-specialist
\`\`\`

### Task file (\`{phase}-{plan}-{slug}.T{n}.md\`) frontmatter

\`\`\`yaml
agent: unity-ui-specialist   # REQUIRED when available_agents is non-empty
agent_rationale: "Edits Canvas-based HUD — UI Toolkit expertise needed"
\`\`\`

\`agent_rationale\` is a short free-text note explaining WHY the planner picked
this specialist. Reviewers can use it to challenge bad routings.

**Native subagents are the default.** \`convertAgents()\` (invoked by \`software-teams sync-agents\` and \`software-teams init\`) populates \`.claude/agents/\` with Claude Code-compatible specs converted from \`agents/software-teams-*.md\`, so every Software Teams specialist is a first-class registered subagent in every Software Teams-installed project. User-added subagents under \`.claude/agents/\` and \`~/.claude/agents/\` are equally first-class.

\`implement-plan\` MUST read the task's \`agent:\` field and the corresponding \`source:\` from \`available_agents\`, then spawn via the Task tool with the agent name as \`subagent_type\`. Claude Code loads the spec from \`.claude/agents/{name}.md\` automatically — no identity preamble in the prompt body.

### Source-aware spawn pattern

All agents MUST be spawned with \`mode: "acceptEdits"\`. Write/Edit/Bash permissions come from the scoped \`allowedTools\` allowlist declared in the project-scoped \`.claude/settings.json\` (mirrored as the default list in \`src/utils/claude.ts\`). Agents run in background and cannot prompt the user, so the allowlist must cover everything they need.

<!-- lint-allow: legacy-injection -->
| \`source\` in catalogue | \`subagent_type\` | \`mode\` | Identity mechanism |
|----------------------|-----------------|--------|--------------------|
| \`software-teams\` (after \`software-teams sync-agents\`) | \`"{task.agent}"\` | \`"acceptEdits"\` | Native — Claude Code loads the spec from \`.claude/agents/{name}.md\` |
| \`claude-code\` | \`"{task.agent}"\` | \`"acceptEdits"\` | Native — Claude Code loads the spec from \`.claude/agents/{name}.md\` |
| \`software-teams\` (fresh clone — \`.claude/agents/\` not yet generated) | \`"general-purpose"\` | \`"acceptEdits"\` | Legacy fallback: prompt-text identity injection (see below) |
<!-- /lint-allow -->

### Single-agent mode

\`\`\`
Agent(
  subagent_type: "{plan.primary_agent}",   # e.g. software-teams-backend, software-teams-frontend, unity-specialist
  mode: "acceptEdits",
  name: "{plan.primary_agent}",
  prompt: "<standard single-agent spawn prompt from ComplexityRouter>"
)
\`\`\`

The prompt contains no \`"You are software-teams-X. Read ..."\` preamble — Claude Code resolves the agent spec from \`.claude/agents/{plan.primary_agent}.md\` when spawned by name. See \`the ComplexityRouter component\` for the prompt body and \`.claude/RULES.md\` / \`templates/RULES.md\` for the orchestration doctrine.

If \`plan.primary_agent\` is missing (legacy plan or empty \`available_agents\`), use the legacy fallback below.

### Agent-teams mode

For each task, read its \`agent:\` frontmatter field. Spawn one Agent tool call per task with the agent name as \`subagent_type\`:

\`\`\`
Agent(
  subagent_type: "{task.agent}",
  mode: "acceptEdits",
  name: "{task.agent}-{task_id}",
  prompt: "<spawn prompt from AgentTeamsOrchestration with TASK_FILE: {task file}>"
)
\`\`\`

Tasks with no \`agent:\` field fall back to the domain default (\`software-teams-backend\` / \`software-teams-frontend\`) spawned natively by name.

### Downgrade rules

- If a pinned agent's spec is not present in \`.claude/agents/{name}.md\` (or \`~/.claude/agents/{name}.md\`), downgrade to \`general-purpose\` using the legacy fallback pattern below and record \`agent_downgrade: {planned} → general-purpose (not registered)\` in the summary.
- Never silently change the pin; always surface downgrades.

### Legacy fallback — identity injection (fresh-clone bootstrap)

<!-- lint-allow: legacy-injection -->
> Used **only** when \`.claude/agents/\` has not yet been generated (typical fresh-clone state before \`software-teams init\` / \`software-teams sync-agents\` has run). Claude Code's Task tool validates \`subagent_type\` against its registered list, so unregistered names error with \`classifyHandoffIfNeeded is not defined\`. The fallback spawns \`general-purpose\` and injects the Software Teams agent's identity via prompt text:
>
> \`\`\`
> # source: software-teams — fresh clone, .claude/agents/ not yet generated
> Agent(
>   subagent_type: "general-purpose",
>   mode: "acceptEdits",
>   name: "{plan.primary_agent}",
>   prompt: "You are {plan.primary_agent}. Read .software-teams/framework/agents/{plan.primary_agent}.md
>   for your full role and instructions. Also read the AgentBase component
>   for the Software Teams base protocol.
>
>   <standard single-agent spawn prompt from ComplexityRouter>"
> )
>
> # Agent-teams equivalent
> Agent(
>   subagent_type: "general-purpose",
>   mode: "acceptEdits",
>   name: "{task.agent}-{task_id}",
>   prompt: "You are {task.agent}. Read .software-teams/framework/agents/{task.agent}.md for instructions.
>   <spawn prompt from AgentTeamsOrchestration with TASK_FILE: {task file}>"
> )
> \`\`\`
>
> To exit fallback mode, run \`software-teams sync-agents\` (or re-run \`software-teams init\`) so the Software Teams specialists are written to \`.claude/agents/\`. Every subsequent spawn then uses the native default.
>
> The framework-lint test in \`src/framework-lint.test.ts\` allowlists this entire HTML-comment block via \`<!-- lint-allow: legacy-injection -->\` … \`<!-- /lint-allow -->\` and fails on any legacy pattern outside such blocks.
<!-- /lint-allow -->

The planner MUST NOT:

1. Invent agent names that are not in \`available_agents\`.
2. Route a task to an agent whose description clearly does not match the task
   (e.g. \`narrative-director\` for a shader task).
3. Leave \`agent:\` blank when \`available_agents\` is non-empty.

The implement-plan pass MUST:

1. Read \`agent:\` from every task file before spawning.
2. Read the matching \`source:\` from the plan's \`available_agents\` catalogue to
   pick the correct spawn pattern (see §4).
3. Surface any downgrade in the summary.
4. Prefer \`.software-teams/framework/agents/\` (or \`agents/\` in the Software Teams repo)
   over \`.claude/agents/\` over \`~/.claude/agents/\` on name collision.

\`\`\`
@ST:AgentRouter:Discovery    # at plan time — enumerate
@ST:AgentRouter:Matching     # at plan time — match tasks to agents
@ST:AgentRouter:Execution    # at implement time — honour pins
\`\`\`

Referenced by:
- \`agents/software-teams-planner.md\` (discover + match)
- \`the ComplexityRouter component\` (spawn)
- \`the AgentTeamsOrchestration component\` (spawn)
- \`framework/commands/create-plan.md\` (discover)
- \`framework/commands/implement-plan.md\` (spawn)"
`;
